Archive member included to satisfy reference by file (symbol)

/usr/lib/gcc/avr/5.4.0/avr5/libgcc.a(_udivmodsi4.o)
                              ./uart.o (__udivmodsi4)
/usr/lib/gcc/avr/5.4.0/avr5/libgcc.a(_exit.o)
                              /usr/lib/gcc/avr/5.4.0/../../../avr/lib/avr5/crtatmega16.o (exit)
/usr/lib/gcc/avr/5.4.0/avr5/libgcc.a(_copy_data.o)
                              ./CONTROL_ECU.o (__do_copy_data)
/usr/lib/gcc/avr/5.4.0/avr5/libgcc.a(_clear_bss.o)
                              ./CONTROL_ECU.o (__do_clear_bss)
/usr/lib/gcc/avr/5.4.0/../../../avr/lib/avr5/libm.a(addsf3.o)
                              ./i2c.o (__addsf3)
/usr/lib/gcc/avr/5.4.0/../../../avr/lib/avr5/libm.a(addsf3x.o)
                              /usr/lib/gcc/avr/5.4.0/../../../avr/lib/avr5/libm.a(addsf3.o) (__addsf3x)
/usr/lib/gcc/avr/5.4.0/../../../avr/lib/avr5/libm.a(cmpsf2.o)
                              ./CONTROL_ECU.o (__ltsf2)
/usr/lib/gcc/avr/5.4.0/../../../avr/lib/avr5/libm.a(divsf3.o)
                              ./i2c.o (__divsf3)
/usr/lib/gcc/avr/5.4.0/../../../avr/lib/avr5/libm.a(divsf3x.o)
                              /usr/lib/gcc/avr/5.4.0/../../../avr/lib/avr5/libm.a(divsf3.o) (__divsf3x)
/usr/lib/gcc/avr/5.4.0/../../../avr/lib/avr5/libm.a(fixunssfsi.o)
                              ./CONTROL_ECU.o (__fixunssfsi)
/usr/lib/gcc/avr/5.4.0/../../../avr/lib/avr5/libm.a(floatsisf.o)
                              ./i2c.o (__floatunsisf)
/usr/lib/gcc/avr/5.4.0/../../../avr/lib/avr5/libm.a(fp_cmp.o)
                              /usr/lib/gcc/avr/5.4.0/../../../avr/lib/avr5/libm.a(cmpsf2.o) (__fp_cmp)
/usr/lib/gcc/avr/5.4.0/../../../avr/lib/avr5/libm.a(fp_inf.o)
                              /usr/lib/gcc/avr/5.4.0/../../../avr/lib/avr5/libm.a(addsf3x.o) (__fp_inf)
/usr/lib/gcc/avr/5.4.0/../../../avr/lib/avr5/libm.a(fp_nan.o)
                              /usr/lib/gcc/avr/5.4.0/../../../avr/lib/avr5/libm.a(addsf3x.o) (__fp_nan)
/usr/lib/gcc/avr/5.4.0/../../../avr/lib/avr5/libm.a(fp_pscA.o)
                              /usr/lib/gcc/avr/5.4.0/../../../avr/lib/avr5/libm.a(addsf3x.o) (__fp_pscA)
/usr/lib/gcc/avr/5.4.0/../../../avr/lib/avr5/libm.a(fp_pscB.o)
                              /usr/lib/gcc/avr/5.4.0/../../../avr/lib/avr5/libm.a(addsf3x.o) (__fp_pscB)
/usr/lib/gcc/avr/5.4.0/../../../avr/lib/avr5/libm.a(fp_round.o)
                              /usr/lib/gcc/avr/5.4.0/../../../avr/lib/avr5/libm.a(addsf3.o) (__fp_round)
/usr/lib/gcc/avr/5.4.0/../../../avr/lib/avr5/libm.a(fp_split3.o)
                              /usr/lib/gcc/avr/5.4.0/../../../avr/lib/avr5/libm.a(addsf3x.o) (__fp_split3)
/usr/lib/gcc/avr/5.4.0/../../../avr/lib/avr5/libm.a(fp_zero.o)
                              /usr/lib/gcc/avr/5.4.0/../../../avr/lib/avr5/libm.a(addsf3x.o) (__fp_zero)
/usr/lib/gcc/avr/5.4.0/../../../avr/lib/avr5/libm.a(gesf2.o)
                              ./CONTROL_ECU.o (__gtsf2)
/usr/lib/gcc/avr/5.4.0/../../../avr/lib/avr5/libm.a(mulsf3.o)
                              ./CONTROL_ECU.o (__mulsf3)
/usr/lib/gcc/avr/5.4.0/../../../avr/lib/avr5/libm.a(mulsf3x.o)
                              /usr/lib/gcc/avr/5.4.0/../../../avr/lib/avr5/libm.a(mulsf3.o) (__mulsf3x)
/usr/lib/gcc/avr/5.4.0/../../../avr/lib/avr5/libm.a(pow.o)
                              ./i2c.o (pow)
/usr/lib/gcc/avr/5.4.0/../../../avr/lib/avr5/libm.a(exp.o)
                              /usr/lib/gcc/avr/5.4.0/../../../avr/lib/avr5/libm.a(pow.o) (exp)
/usr/lib/gcc/avr/5.4.0/../../../avr/lib/avr5/libm.a(fp_powser.o)
                              /usr/lib/gcc/avr/5.4.0/../../../avr/lib/avr5/libm.a(exp.o) (__fp_powser)
/usr/lib/gcc/avr/5.4.0/../../../avr/lib/avr5/libm.a(inverse.o)
                              /usr/lib/gcc/avr/5.4.0/../../../avr/lib/avr5/libm.a(exp.o) (inverse)
/usr/lib/gcc/avr/5.4.0/../../../avr/lib/avr5/libm.a(ldexp.o)
                              /usr/lib/gcc/avr/5.4.0/../../../avr/lib/avr5/libm.a(exp.o) (ldexp)
/usr/lib/gcc/avr/5.4.0/../../../avr/lib/avr5/libm.a(log.o)
                              /usr/lib/gcc/avr/5.4.0/../../../avr/lib/avr5/libm.a(pow.o) (log)
/usr/lib/gcc/avr/5.4.0/../../../avr/lib/avr5/libm.a(modf.o)
                              /usr/lib/gcc/avr/5.4.0/../../../avr/lib/avr5/libm.a(exp.o) (modf)
/usr/lib/gcc/avr/5.4.0/../../../avr/lib/avr5/libm.a(fp_mpack.o)
                              /usr/lib/gcc/avr/5.4.0/../../../avr/lib/avr5/libm.a(ldexp.o) (__fp_mpack)
/usr/lib/gcc/avr/5.4.0/../../../avr/lib/avr5/libc.a(strcmp.o)
                              ./CONTROL_ECU.o (strcmp)

Allocating common symbols
Common symbol       size              file

password_stored     0x14              ./CONTROL_ECU.o
TWI_config          0x6               ./external_eeprom.o
data_temp           0x1               ./CONTROL_ECU.o

Memory Configuration

Name             Origin             Length             Attributes
text             0x0000000000000000 0x0000000000020000 xr
data             0x0000000000800060 0x000000000000ffa0 rw !x
eeprom           0x0000000000810000 0x0000000000010000 rw !x
fuse             0x0000000000820000 0x0000000000000002 rw !x
lock             0x0000000000830000 0x0000000000000400 rw !x
signature        0x0000000000840000 0x0000000000000400 rw !x
user_signatures  0x0000000000850000 0x0000000000000400 rw !x
*default*        0x0000000000000000 0xffffffffffffffff

Linker script and memory map

LOAD /usr/lib/gcc/avr/5.4.0/../../../avr/lib/avr5/crtatmega16.o
LOAD ./CONTROL_ECU.o
LOAD ./external_eeprom.o
LOAD ./i2c.o
LOAD ./timer.o
LOAD ./uart.o
START GROUP
LOAD /usr/lib/gcc/avr/5.4.0/avr5/libgcc.a
LOAD /usr/lib/gcc/avr/5.4.0/../../../avr/lib/avr5/libm.a
LOAD /usr/lib/gcc/avr/5.4.0/../../../avr/lib/avr5/libc.a
LOAD /usr/lib/gcc/avr/5.4.0/../../../avr/lib/avr5/libatmega16.a
END GROUP
                0x0000000000020000                __TEXT_REGION_LENGTH__ = DEFINED (__TEXT_REGION_LENGTH__)?__TEXT_REGION_LENGTH__:0x20000
                0x000000000000ffa0                __DATA_REGION_LENGTH__ = DEFINED (__DATA_REGION_LENGTH__)?__DATA_REGION_LENGTH__:0xffa0
                0x0000000000010000                __EEPROM_REGION_LENGTH__ = DEFINED (__EEPROM_REGION_LENGTH__)?__EEPROM_REGION_LENGTH__:0x10000
                [0x0000000000000002]                __FUSE_REGION_LENGTH__ = DEFINED (__FUSE_REGION_LENGTH__)?__FUSE_REGION_LENGTH__:0x400
                0x0000000000000400                __LOCK_REGION_LENGTH__ = DEFINED (__LOCK_REGION_LENGTH__)?__LOCK_REGION_LENGTH__:0x400
                0x0000000000000400                __SIGNATURE_REGION_LENGTH__ = DEFINED (__SIGNATURE_REGION_LENGTH__)?__SIGNATURE_REGION_LENGTH__:0x400
                0x0000000000000400                __USER_SIGNATURE_REGION_LENGTH__ = DEFINED (__USER_SIGNATURE_REGION_LENGTH__)?__USER_SIGNATURE_REGION_LENGTH__:0x400

.hash
 *(.hash)

.dynsym
 *(.dynsym)

.dynstr
 *(.dynstr)

.gnu.version
 *(.gnu.version)

.gnu.version_d
 *(.gnu.version_d)

.gnu.version_r
 *(.gnu.version_r)

.rel.init
 *(.rel.init)

.rela.init
 *(.rela.init)

.rel.text
 *(.rel.text)
 *(.rel.text.*)
 *(.rel.gnu.linkonce.t*)

.rela.text
 *(.rela.text)
 *(.rela.text.*)
 *(.rela.gnu.linkonce.t*)

.rel.fini
 *(.rel.fini)

.rela.fini
 *(.rela.fini)

.rel.rodata
 *(.rel.rodata)
 *(.rel.rodata.*)
 *(.rel.gnu.linkonce.r*)

.rela.rodata
 *(.rela.rodata)
 *(.rela.rodata.*)
 *(.rela.gnu.linkonce.r*)

.rel.data
 *(.rel.data)
 *(.rel.data.*)
 *(.rel.gnu.linkonce.d*)

.rela.data
 *(.rela.data)
 *(.rela.data.*)
 *(.rela.gnu.linkonce.d*)

.rel.ctors
 *(.rel.ctors)

.rela.ctors
 *(.rela.ctors)

.rel.dtors
 *(.rel.dtors)

.rela.dtors
 *(.rela.dtors)

.rel.got
 *(.rel.got)

.rela.got
 *(.rela.got)

.rel.bss
 *(.rel.bss)

.rela.bss
 *(.rela.bss)

.rel.plt
 *(.rel.plt)

.rela.plt
 *(.rela.plt)

.text           0x0000000000000000     0x2842
 *(.vectors)
 .vectors       0x0000000000000000       0x54 /usr/lib/gcc/avr/5.4.0/../../../avr/lib/avr5/crtatmega16.o
                0x0000000000000000                __vectors
                0x0000000000000000                __vector_default
 *(.vectors)
 *(.progmem.gcc*)
 .progmem.gcc_fplib
                0x0000000000000054       0x28 /usr/lib/gcc/avr/5.4.0/../../../avr/lib/avr5/libm.a(exp.o)
 .progmem.gcc_fplib
                0x000000000000007c       0x5a /usr/lib/gcc/avr/5.4.0/../../../avr/lib/avr5/libm.a(log.o)
                0x00000000000000d6                . = ALIGN (0x2)
                0x00000000000000d6                __trampolines_start = .
 *(.trampolines)
 .trampolines   0x00000000000000d6        0x0 linker stubs
 *(.trampolines*)
                0x00000000000000d6                __trampolines_end = .
 *libprintf_flt.a:*(.progmem.data)
 *libc.a:*(.progmem.data)
 *(.progmem*)
                0x00000000000000d6                . = ALIGN (0x2)
 *(.jumptables)
 *(.jumptables*)
 *(.lowtext)
 *(.lowtext*)
                0x00000000000000d6                __ctors_start = .
 *(.ctors)
                0x00000000000000d6                __ctors_end = .
                0x00000000000000d6                __dtors_start = .
 *(.dtors)
                0x00000000000000d6                __dtors_end = .
 SORT(*)(.ctors)
 SORT(*)(.dtors)
 *(.init0)
 .init0         0x00000000000000d6        0x0 /usr/lib/gcc/avr/5.4.0/../../../avr/lib/avr5/crtatmega16.o
                0x00000000000000d6                __init
 *(.init0)
 *(.init1)
 *(.init1)
 *(.init2)
 .init2         0x00000000000000d6        0xc /usr/lib/gcc/avr/5.4.0/../../../avr/lib/avr5/crtatmega16.o
 *(.init2)
 *(.init3)
 *(.init3)
 *(.init4)
 .init4         0x00000000000000e2       0x16 /usr/lib/gcc/avr/5.4.0/avr5/libgcc.a(_copy_data.o)
                0x00000000000000e2                __do_copy_data
 .init4         0x00000000000000f8       0x10 /usr/lib/gcc/avr/5.4.0/avr5/libgcc.a(_clear_bss.o)
                0x00000000000000f8                __do_clear_bss
 *(.init4)
 *(.init5)
 *(.init5)
 *(.init6)
 *(.init6)
 *(.init7)
 *(.init7)
 *(.init8)
 *(.init8)
 *(.init9)
 .init9         0x0000000000000108        0x8 /usr/lib/gcc/avr/5.4.0/../../../avr/lib/avr5/crtatmega16.o
 *(.init9)
 *(.text)
 .text          0x0000000000000110        0x4 /usr/lib/gcc/avr/5.4.0/../../../avr/lib/avr5/crtatmega16.o
                0x0000000000000110                __vector_1
                0x0000000000000110                __vector_12
                0x0000000000000110                __bad_interrupt
                0x0000000000000110                __vector_11
                0x0000000000000110                __vector_13
                0x0000000000000110                __vector_17
                0x0000000000000110                __vector_7
                0x0000000000000110                __vector_5
                0x0000000000000110                __vector_2
                0x0000000000000110                __vector_15
                0x0000000000000110                __vector_14
                0x0000000000000110                __vector_10
                0x0000000000000110                __vector_16
                0x0000000000000110                __vector_18
                0x0000000000000110                __vector_20
 .text          0x0000000000000114        0x0 ./CONTROL_ECU.o
 .text          0x0000000000000114        0x0 ./external_eeprom.o
 .text          0x0000000000000114        0x0 ./i2c.o
 .text          0x0000000000000114        0x0 ./timer.o
 .text          0x0000000000000114        0x0 ./uart.o
 .text          0x0000000000000114        0x0 /usr/lib/gcc/avr/5.4.0/avr5/libgcc.a(_udivmodsi4.o)
 .text          0x0000000000000114        0x0 /usr/lib/gcc/avr/5.4.0/avr5/libgcc.a(_exit.o)
 .text          0x0000000000000114        0x0 /usr/lib/gcc/avr/5.4.0/avr5/libgcc.a(_copy_data.o)
 .text          0x0000000000000114        0x0 /usr/lib/gcc/avr/5.4.0/avr5/libgcc.a(_clear_bss.o)
 .text          0x0000000000000114        0x0 /usr/lib/gcc/avr/5.4.0/../../../avr/lib/avr5/libm.a(addsf3.o)
 .text          0x0000000000000114        0x0 /usr/lib/gcc/avr/5.4.0/../../../avr/lib/avr5/libm.a(addsf3x.o)
 .text          0x0000000000000114        0x0 /usr/lib/gcc/avr/5.4.0/../../../avr/lib/avr5/libm.a(cmpsf2.o)
 .text          0x0000000000000114        0x0 /usr/lib/gcc/avr/5.4.0/../../../avr/lib/avr5/libm.a(divsf3.o)
 .text          0x0000000000000114        0x0 /usr/lib/gcc/avr/5.4.0/../../../avr/lib/avr5/libm.a(divsf3x.o)
 .text          0x0000000000000114        0x0 /usr/lib/gcc/avr/5.4.0/../../../avr/lib/avr5/libm.a(fixunssfsi.o)
 .text          0x0000000000000114        0x0 /usr/lib/gcc/avr/5.4.0/../../../avr/lib/avr5/libm.a(floatsisf.o)
 .text          0x0000000000000114        0x0 /usr/lib/gcc/avr/5.4.0/../../../avr/lib/avr5/libm.a(fp_cmp.o)
 .text          0x0000000000000114        0x0 /usr/lib/gcc/avr/5.4.0/../../../avr/lib/avr5/libm.a(fp_inf.o)
 .text          0x0000000000000114        0x0 /usr/lib/gcc/avr/5.4.0/../../../avr/lib/avr5/libm.a(fp_nan.o)
 .text          0x0000000000000114        0x0 /usr/lib/gcc/avr/5.4.0/../../../avr/lib/avr5/libm.a(fp_pscA.o)
 .text          0x0000000000000114        0x0 /usr/lib/gcc/avr/5.4.0/../../../avr/lib/avr5/libm.a(fp_pscB.o)
 .text          0x0000000000000114        0x0 /usr/lib/gcc/avr/5.4.0/../../../avr/lib/avr5/libm.a(fp_round.o)
 .text          0x0000000000000114        0x0 /usr/lib/gcc/avr/5.4.0/../../../avr/lib/avr5/libm.a(fp_split3.o)
 .text          0x0000000000000114        0x0 /usr/lib/gcc/avr/5.4.0/../../../avr/lib/avr5/libm.a(fp_zero.o)
 .text          0x0000000000000114        0x0 /usr/lib/gcc/avr/5.4.0/../../../avr/lib/avr5/libm.a(gesf2.o)
 .text          0x0000000000000114        0x0 /usr/lib/gcc/avr/5.4.0/../../../avr/lib/avr5/libm.a(mulsf3.o)
 .text          0x0000000000000114        0x0 /usr/lib/gcc/avr/5.4.0/../../../avr/lib/avr5/libm.a(mulsf3x.o)
 .text          0x0000000000000114        0x0 /usr/lib/gcc/avr/5.4.0/../../../avr/lib/avr5/libm.a(pow.o)
 .text          0x0000000000000114        0x0 /usr/lib/gcc/avr/5.4.0/../../../avr/lib/avr5/libm.a(exp.o)
 .text          0x0000000000000114        0x0 /usr/lib/gcc/avr/5.4.0/../../../avr/lib/avr5/libm.a(fp_powser.o)
 .text          0x0000000000000114        0x0 /usr/lib/gcc/avr/5.4.0/../../../avr/lib/avr5/libm.a(inverse.o)
 .text          0x0000000000000114        0x0 /usr/lib/gcc/avr/5.4.0/../../../avr/lib/avr5/libm.a(ldexp.o)
 .text          0x0000000000000114        0x0 /usr/lib/gcc/avr/5.4.0/../../../avr/lib/avr5/libm.a(log.o)
 .text          0x0000000000000114        0x0 /usr/lib/gcc/avr/5.4.0/../../../avr/lib/avr5/libm.a(modf.o)
 .text          0x0000000000000114        0x0 /usr/lib/gcc/avr/5.4.0/../../../avr/lib/avr5/libm.a(fp_mpack.o)
 .text          0x0000000000000114        0x0 /usr/lib/gcc/avr/5.4.0/../../../avr/lib/avr5/libc.a(strcmp.o)
                0x0000000000000114                . = ALIGN (0x2)
 *(.text.*)
 .text.main     0x0000000000000114      0x848 ./CONTROL_ECU.o
                0x0000000000000114                main
 .text.motor_run
                0x000000000000095c       0x20 ./CONTROL_ECU.o
                0x000000000000095c                motor_run
 .text.change_motor_dirction
                0x000000000000097c       0xb4 ./CONTROL_ECU.o
                0x000000000000097c                change_motor_dirction
 .text.buzzer   0x0000000000000a30       0x20 ./CONTROL_ECU.o
                0x0000000000000a30                buzzer
 .text.buzzer_call
                0x0000000000000a50       0x72 ./CONTROL_ECU.o
                0x0000000000000a50                buzzer_call
 .text.EEPROM_init
                0x0000000000000ac2       0x3a ./external_eeprom.o
                0x0000000000000ac2                EEPROM_init
 .text.EEPROM_writeByte
                0x0000000000000afc       0x7c ./external_eeprom.o
                0x0000000000000afc                EEPROM_writeByte
 .text.EEPROM_readByte
                0x0000000000000b78       0xbc ./external_eeprom.o
                0x0000000000000b78                EEPROM_readByte
 .text.EEPROM_writeString
                0x0000000000000c34      0x172 ./external_eeprom.o
                0x0000000000000c34                EEPROM_writeString
 .text.EEPROM_readString
                0x0000000000000da6       0x94 ./external_eeprom.o
                0x0000000000000da6                EEPROM_readString
 .text.TWI_init
                0x0000000000000e3a      0x118 ./i2c.o
                0x0000000000000e3a                TWI_init
 .text.TWI_start
                0x0000000000000f52       0x28 ./i2c.o
                0x0000000000000f52                TWI_start
 .text.TWI_stop
                0x0000000000000f7a       0x1a ./i2c.o
                0x0000000000000f7a                TWI_stop
 .text.TWI_write
                0x0000000000000f94       0x38 ./i2c.o
                0x0000000000000f94                TWI_write
 .text.TWI_read_with_ACK
                0x0000000000000fcc       0x2e ./i2c.o
                0x0000000000000fcc                TWI_read_with_ACK
 .text.TWI_read_with_NACK
                0x0000000000000ffa       0x2e ./i2c.o
                0x0000000000000ffa                TWI_read_with_NACK
 .text.TWI_getStatus
                0x0000000000001028       0x18 ./i2c.o
                0x0000000000001028                TWI_getStatus
 .text.__vector_19
                0x0000000000001040       0x6e ./timer.o
                0x0000000000001040                __vector_19
 .text.__vector_9
                0x00000000000010ae       0x6e ./timer.o
                0x00000000000010ae                __vector_9
 .text.__vector_8
                0x000000000000111c       0x6e ./timer.o
                0x000000000000111c                __vector_8
 .text.__vector_6
                0x000000000000118a       0x6e ./timer.o
                0x000000000000118a                __vector_6
 .text.__vector_3
                0x00000000000011f8       0x6e ./timer.o
                0x00000000000011f8                __vector_3
 .text.__vector_4
                0x0000000000001266       0x6e ./timer.o
                0x0000000000001266                __vector_4
 .text.TIMER_init
                0x00000000000012d4      0x760 ./timer.o
                0x00000000000012d4                TIMER_init
 .text.TIMER_setCompare
                0x0000000000001a34       0x7e ./timer.o
                0x0000000000001a34                TIMER_setCompare
 .text.TIMER_setNormal
                0x0000000000001ab2       0x62 ./timer.o
                0x0000000000001ab2                TIMER_setNormal
 .text.TIMER_setpwm
                0x0000000000001b14       0x7c ./timer.o
                0x0000000000001b14                TIMER_setpwm
 .text.TIMER_setCallBackPtr
                0x0000000000001b90       0x26 ./timer.o
                0x0000000000001b90                TIMER_setCallBackPtr
 .text.TIMER_stop
                0x0000000000001bb6       0x6e ./timer.o
                0x0000000000001bb6                TIMER_stop
 .text.UART_init
                0x0000000000001c24      0x2fe ./uart.o
                0x0000000000001c24                UART_init
 .text.UART_receiveByte
                0x0000000000001f22       0x24 ./uart.o
                0x0000000000001f22                UART_receiveByte
 .text.UART_sendByte
                0x0000000000001f46       0x48 ./uart.o
                0x0000000000001f46                UART_sendByte
 .text.UART_sendString
                0x0000000000001f8e       0x5a ./uart.o
                0x0000000000001f8e                UART_sendString
 .text.UART_receiveString
                0x0000000000001fe8       0x88 ./uart.o
                0x0000000000001fe8                UART_receiveString
 .text.libgcc.mul
                0x0000000000002070        0x0 /usr/lib/gcc/avr/5.4.0/avr5/libgcc.a(_udivmodsi4.o)
 .text.libgcc.div
                0x0000000000002070       0x44 /usr/lib/gcc/avr/5.4.0/avr5/libgcc.a(_udivmodsi4.o)
                0x0000000000002070                __udivmodsi4
 .text.libgcc   0x00000000000020b4        0x0 /usr/lib/gcc/avr/5.4.0/avr5/libgcc.a(_udivmodsi4.o)
 .text.libgcc.prologue
                0x00000000000020b4        0x0 /usr/lib/gcc/avr/5.4.0/avr5/libgcc.a(_udivmodsi4.o)
 .text.libgcc.builtins
                0x00000000000020b4        0x0 /usr/lib/gcc/avr/5.4.0/avr5/libgcc.a(_udivmodsi4.o)
 .text.libgcc.fmul
                0x00000000000020b4        0x0 /usr/lib/gcc/avr/5.4.0/avr5/libgcc.a(_udivmodsi4.o)
 .text.libgcc.fixed
                0x00000000000020b4        0x0 /usr/lib/gcc/avr/5.4.0/avr5/libgcc.a(_udivmodsi4.o)
 .text.libgcc.mul
                0x00000000000020b4        0x0 /usr/lib/gcc/avr/5.4.0/avr5/libgcc.a(_exit.o)
 .text.libgcc.div
                0x00000000000020b4        0x0 /usr/lib/gcc/avr/5.4.0/avr5/libgcc.a(_exit.o)
 .text.libgcc   0x00000000000020b4        0x0 /usr/lib/gcc/avr/5.4.0/avr5/libgcc.a(_exit.o)
 .text.libgcc.prologue
                0x00000000000020b4        0x0 /usr/lib/gcc/avr/5.4.0/avr5/libgcc.a(_exit.o)
 .text.libgcc.builtins
                0x00000000000020b4        0x0 /usr/lib/gcc/avr/5.4.0/avr5/libgcc.a(_exit.o)
 .text.libgcc.fmul
                0x00000000000020b4        0x0 /usr/lib/gcc/avr/5.4.0/avr5/libgcc.a(_exit.o)
 .text.libgcc.fixed
                0x00000000000020b4        0x0 /usr/lib/gcc/avr/5.4.0/avr5/libgcc.a(_exit.o)
 .text.libgcc.mul
                0x00000000000020b4        0x0 /usr/lib/gcc/avr/5.4.0/avr5/libgcc.a(_copy_data.o)
 .text.libgcc.div
                0x00000000000020b4        0x0 /usr/lib/gcc/avr/5.4.0/avr5/libgcc.a(_copy_data.o)
 .text.libgcc   0x00000000000020b4        0x0 /usr/lib/gcc/avr/5.4.0/avr5/libgcc.a(_copy_data.o)
 .text.libgcc.prologue
                0x00000000000020b4        0x0 /usr/lib/gcc/avr/5.4.0/avr5/libgcc.a(_copy_data.o)
 .text.libgcc.builtins
                0x00000000000020b4        0x0 /usr/lib/gcc/avr/5.4.0/avr5/libgcc.a(_copy_data.o)
 .text.libgcc.fmul
                0x00000000000020b4        0x0 /usr/lib/gcc/avr/5.4.0/avr5/libgcc.a(_copy_data.o)
 .text.libgcc.fixed
                0x00000000000020b4        0x0 /usr/lib/gcc/avr/5.4.0/avr5/libgcc.a(_copy_data.o)
 .text.libgcc.mul
                0x00000000000020b4        0x0 /usr/lib/gcc/avr/5.4.0/avr5/libgcc.a(_clear_bss.o)
 .text.libgcc.div
                0x00000000000020b4        0x0 /usr/lib/gcc/avr/5.4.0/avr5/libgcc.a(_clear_bss.o)
 .text.libgcc   0x00000000000020b4        0x0 /usr/lib/gcc/avr/5.4.0/avr5/libgcc.a(_clear_bss.o)
 .text.libgcc.prologue
                0x00000000000020b4        0x0 /usr/lib/gcc/avr/5.4.0/avr5/libgcc.a(_clear_bss.o)
 .text.libgcc.builtins
                0x00000000000020b4        0x0 /usr/lib/gcc/avr/5.4.0/avr5/libgcc.a(_clear_bss.o)
 .text.libgcc.fmul
                0x00000000000020b4        0x0 /usr/lib/gcc/avr/5.4.0/avr5/libgcc.a(_clear_bss.o)
 .text.libgcc.fixed
                0x00000000000020b4        0x0 /usr/lib/gcc/avr/5.4.0/avr5/libgcc.a(_clear_bss.o)
 .text.avr-libc.fplib
                0x00000000000020b4        0xe /usr/lib/gcc/avr/5.4.0/../../../avr/lib/avr5/libm.a(addsf3.o)
                0x00000000000020b4                __subsf3
                0x00000000000020b6                __addsf3
 .text.avr-libc.fplib
                0x00000000000020c2       0xcc /usr/lib/gcc/avr/5.4.0/../../../avr/lib/avr5/libm.a(addsf3x.o)
                0x00000000000020e4                __addsf3x
 .text.avr-libc.fplib
                0x000000000000218e        0xa /usr/lib/gcc/avr/5.4.0/../../../avr/lib/avr5/libm.a(cmpsf2.o)
                0x000000000000218e                __lesf2
                0x000000000000218e                __nesf2
                0x000000000000218e                __eqsf2
                0x000000000000218e                __cmpsf2
                0x000000000000218e                __ltsf2
 .text.avr-libc.fplib
                0x0000000000002198        0x8 /usr/lib/gcc/avr/5.4.0/../../../avr/lib/avr5/libm.a(divsf3.o)
                0x0000000000002198                __divsf3
 .text.avr-libc.fplib
                0x00000000000021a0       0xdc /usr/lib/gcc/avr/5.4.0/../../../avr/lib/avr5/libm.a(divsf3x.o)
                0x00000000000021c0                __divsf3x
                0x00000000000021c6                __divsf3_pse
 .text.avr-libc.fplib
                0x000000000000227c       0x5e /usr/lib/gcc/avr/5.4.0/../../../avr/lib/avr5/libm.a(fixunssfsi.o)
                0x000000000000227c                __fixunssfsi
 .text.avr-libc.fplib
                0x00000000000022da       0x7a /usr/lib/gcc/avr/5.4.0/../../../avr/lib/avr5/libm.a(floatsisf.o)
                0x00000000000022da                __floatunsisf
                0x00000000000022de                __floatsisf
 .text.avr-libc.fplib
                0x0000000000002354       0x48 /usr/lib/gcc/avr/5.4.0/../../../avr/lib/avr5/libm.a(fp_cmp.o)
                0x0000000000002354                __fp_cmp
 .text.avr-libc.fplib
                0x000000000000239c        0xc /usr/lib/gcc/avr/5.4.0/../../../avr/lib/avr5/libm.a(fp_inf.o)
                0x000000000000239c                __fp_inf
 .text.avr-libc.fplib
                0x00000000000023a8        0x6 /usr/lib/gcc/avr/5.4.0/../../../avr/lib/avr5/libm.a(fp_nan.o)
                0x00000000000023a8                __fp_nan
 .text.avr-libc.fplib
                0x00000000000023ae        0xe /usr/lib/gcc/avr/5.4.0/../../../avr/lib/avr5/libm.a(fp_pscA.o)
                0x00000000000023ae                __fp_pscA
 .text.avr-libc.fplib
                0x00000000000023bc        0xe /usr/lib/gcc/avr/5.4.0/../../../avr/lib/avr5/libm.a(fp_pscB.o)
                0x00000000000023bc                __fp_pscB
 .text.avr-libc.fplib
                0x00000000000023ca       0x22 /usr/lib/gcc/avr/5.4.0/../../../avr/lib/avr5/libm.a(fp_round.o)
                0x00000000000023ca                __fp_round
 .text.avr-libc.fplib
                0x00000000000023ec       0x44 /usr/lib/gcc/avr/5.4.0/../../../avr/lib/avr5/libm.a(fp_split3.o)
                0x00000000000023ec                __fp_split3
                0x00000000000023fc                __fp_splitA
 .text.avr-libc.fplib
                0x0000000000002430        0xe /usr/lib/gcc/avr/5.4.0/../../../avr/lib/avr5/libm.a(fp_zero.o)
                0x0000000000002430                __fp_zero
                0x0000000000002432                __fp_szero
 .text.avr-libc.fplib
                0x000000000000243e        0xa /usr/lib/gcc/avr/5.4.0/../../../avr/lib/avr5/libm.a(gesf2.o)
                0x000000000000243e                __gtsf2
                0x000000000000243e                __gesf2
 .text.avr-libc.fplib
                0x0000000000002448        0x8 /usr/lib/gcc/avr/5.4.0/../../../avr/lib/avr5/libm.a(mulsf3.o)
                0x0000000000002448                __mulsf3
 .text.avr-libc.fplib
                0x0000000000002450       0xd2 /usr/lib/gcc/avr/5.4.0/../../../avr/lib/avr5/libm.a(mulsf3x.o)
                0x000000000000246e                __mulsf3x
                0x0000000000002474                __mulsf3_pse
 .text.avr-libc.fplib
                0x0000000000002522       0xa0 /usr/lib/gcc/avr/5.4.0/../../../avr/lib/avr5/libm.a(pow.o)
                0x0000000000002522                pow
 .text.avr-libc.fplib
                0x00000000000025c2       0x74 /usr/lib/gcc/avr/5.4.0/../../../avr/lib/avr5/libm.a(exp.o)
                0x00000000000025d2                exp
 .text.avr-libc.fplib
                0x0000000000002636       0x4e /usr/lib/gcc/avr/5.4.0/../../../avr/lib/avr5/libm.a(fp_powser.o)
                0x0000000000002636                __fp_powser
 .text.avr-libc.fplib
                0x0000000000002684       0x10 /usr/lib/gcc/avr/5.4.0/../../../avr/lib/avr5/libm.a(inverse.o)
                0x0000000000002684                inverse
 .text.avr-libc.fplib
                0x0000000000002694       0x74 /usr/lib/gcc/avr/5.4.0/../../../avr/lib/avr5/libm.a(ldexp.o)
                0x000000000000269c                ldexp
 .text.avr-libc.fplib
                0x0000000000002708       0xa0 /usr/lib/gcc/avr/5.4.0/../../../avr/lib/avr5/libm.a(log.o)
                0x0000000000002718                log
 .text.avr-libc.fplib
                0x00000000000027a8       0x68 /usr/lib/gcc/avr/5.4.0/../../../avr/lib/avr5/libm.a(modf.o)
                0x00000000000027a8                modff
                0x00000000000027a8                modf
 .text.avr-libc.fplib
                0x0000000000002810       0x1c /usr/lib/gcc/avr/5.4.0/../../../avr/lib/avr5/libm.a(fp_mpack.o)
                0x0000000000002810                __fp_mpack
                0x0000000000002814                __fp_mpack_finite
 .text.avr-libc
                0x000000000000282c       0x12 /usr/lib/gcc/avr/5.4.0/../../../avr/lib/avr5/libc.a(strcmp.o)
                0x000000000000282c                strcmp
                0x000000000000283e                . = ALIGN (0x2)
 *(.fini9)
 .fini9         0x000000000000283e        0x0 /usr/lib/gcc/avr/5.4.0/avr5/libgcc.a(_exit.o)
                0x000000000000283e                exit
                0x000000000000283e                _exit
 *(.fini9)
 *(.fini8)
 *(.fini8)
 *(.fini7)
 *(.fini7)
 *(.fini6)
 *(.fini6)
 *(.fini5)
 *(.fini5)
 *(.fini4)
 *(.fini4)
 *(.fini3)
 *(.fini3)
 *(.fini2)
 *(.fini2)
 *(.fini1)
 *(.fini1)
 *(.fini0)
 .fini0         0x000000000000283e        0x4 /usr/lib/gcc/avr/5.4.0/avr5/libgcc.a(_exit.o)
 *(.fini0)
                0x0000000000002842                _etext = .

.data           0x0000000000800060       0x66 load address 0x0000000000002842
                0x0000000000800060                PROVIDE (__data_start, .)
 *(.data)
 .data          0x0000000000800060        0x0 /usr/lib/gcc/avr/5.4.0/../../../avr/lib/avr5/crtatmega16.o
 .data          0x0000000000800060        0x0 ./CONTROL_ECU.o
 .data          0x0000000000800060        0x0 ./external_eeprom.o
 .data          0x0000000000800060        0x0 ./i2c.o
 .data          0x0000000000800060        0x0 ./timer.o
 .data          0x0000000000800060        0x0 ./uart.o
 .data          0x0000000000800060        0x0 /usr/lib/gcc/avr/5.4.0/avr5/libgcc.a(_udivmodsi4.o)
 .data          0x0000000000800060        0x0 /usr/lib/gcc/avr/5.4.0/avr5/libgcc.a(_exit.o)
 .data          0x0000000000800060        0x0 /usr/lib/gcc/avr/5.4.0/avr5/libgcc.a(_copy_data.o)
 .data          0x0000000000800060        0x0 /usr/lib/gcc/avr/5.4.0/avr5/libgcc.a(_clear_bss.o)
 .data          0x0000000000800060        0x0 /usr/lib/gcc/avr/5.4.0/../../../avr/lib/avr5/libm.a(addsf3.o)
 .data          0x0000000000800060        0x0 /usr/lib/gcc/avr/5.4.0/../../../avr/lib/avr5/libm.a(addsf3x.o)
 .data          0x0000000000800060        0x0 /usr/lib/gcc/avr/5.4.0/../../../avr/lib/avr5/libm.a(cmpsf2.o)
 .data          0x0000000000800060        0x0 /usr/lib/gcc/avr/5.4.0/../../../avr/lib/avr5/libm.a(divsf3.o)
 .data          0x0000000000800060        0x0 /usr/lib/gcc/avr/5.4.0/../../../avr/lib/avr5/libm.a(divsf3x.o)
 .data          0x0000000000800060        0x0 /usr/lib/gcc/avr/5.4.0/../../../avr/lib/avr5/libm.a(fixunssfsi.o)
 .data          0x0000000000800060        0x0 /usr/lib/gcc/avr/5.4.0/../../../avr/lib/avr5/libm.a(floatsisf.o)
 .data          0x0000000000800060        0x0 /usr/lib/gcc/avr/5.4.0/../../../avr/lib/avr5/libm.a(fp_cmp.o)
 .data          0x0000000000800060        0x0 /usr/lib/gcc/avr/5.4.0/../../../avr/lib/avr5/libm.a(fp_inf.o)
 .data          0x0000000000800060        0x0 /usr/lib/gcc/avr/5.4.0/../../../avr/lib/avr5/libm.a(fp_nan.o)
 .data          0x0000000000800060        0x0 /usr/lib/gcc/avr/5.4.0/../../../avr/lib/avr5/libm.a(fp_pscA.o)
 .data          0x0000000000800060        0x0 /usr/lib/gcc/avr/5.4.0/../../../avr/lib/avr5/libm.a(fp_pscB.o)
 .data          0x0000000000800060        0x0 /usr/lib/gcc/avr/5.4.0/../../../avr/lib/avr5/libm.a(fp_round.o)
 .data          0x0000000000800060        0x0 /usr/lib/gcc/avr/5.4.0/../../../avr/lib/avr5/libm.a(fp_split3.o)
 .data          0x0000000000800060        0x0 /usr/lib/gcc/avr/5.4.0/../../../avr/lib/avr5/libm.a(fp_zero.o)
 .data          0x0000000000800060        0x0 /usr/lib/gcc/avr/5.4.0/../../../avr/lib/avr5/libm.a(gesf2.o)
 .data          0x0000000000800060        0x0 /usr/lib/gcc/avr/5.4.0/../../../avr/lib/avr5/libm.a(mulsf3.o)
 .data          0x0000000000800060        0x0 /usr/lib/gcc/avr/5.4.0/../../../avr/lib/avr5/libm.a(mulsf3x.o)
 .data          0x0000000000800060        0x0 /usr/lib/gcc/avr/5.4.0/../../../avr/lib/avr5/libm.a(pow.o)
 .data          0x0000000000800060        0x0 /usr/lib/gcc/avr/5.4.0/../../../avr/lib/avr5/libm.a(exp.o)
 .data          0x0000000000800060        0x0 /usr/lib/gcc/avr/5.4.0/../../../avr/lib/avr5/libm.a(fp_powser.o)
 .data          0x0000000000800060        0x0 /usr/lib/gcc/avr/5.4.0/../../../avr/lib/avr5/libm.a(inverse.o)
 .data          0x0000000000800060        0x0 /usr/lib/gcc/avr/5.4.0/../../../avr/lib/avr5/libm.a(ldexp.o)
 .data          0x0000000000800060        0x0 /usr/lib/gcc/avr/5.4.0/../../../avr/lib/avr5/libm.a(log.o)
 .data          0x0000000000800060        0x0 /usr/lib/gcc/avr/5.4.0/../../../avr/lib/avr5/libm.a(modf.o)
 .data          0x0000000000800060        0x0 /usr/lib/gcc/avr/5.4.0/../../../avr/lib/avr5/libm.a(fp_mpack.o)
 .data          0x0000000000800060        0x0 /usr/lib/gcc/avr/5.4.0/../../../avr/lib/avr5/libc.a(strcmp.o)
 *(.data*)
 .data.block_buzzer_scope
                0x0000000000800060        0x1 ./CONTROL_ECU.o
                0x0000000000800060                block_buzzer_scope
 *(.rodata)
 .rodata        0x0000000000800061       0x15 ./CONTROL_ECU.o
 .rodata        0x0000000000800076       0x3c ./timer.o
 .rodata        0x00000000008000b2       0x14 ./uart.o
 *(.rodata*)
 *(.gnu.linkonce.d*)
                0x00000000008000c6                . = ALIGN (0x2)
                0x00000000008000c6                _edata = .
                0x00000000008000c6                PROVIDE (__data_end, .)

.bss            0x00000000008000c6       0x4e
                0x00000000008000c6                PROVIDE (__bss_start, .)
 *(.bss)
 .bss           0x00000000008000c6        0x0 /usr/lib/gcc/avr/5.4.0/../../../avr/lib/avr5/crtatmega16.o
 .bss           0x00000000008000c6        0x0 ./CONTROL_ECU.o
 .bss           0x00000000008000c6        0x0 ./external_eeprom.o
 .bss           0x00000000008000c6        0x0 ./i2c.o
 .bss           0x00000000008000c6        0x0 ./timer.o
 .bss           0x00000000008000c6        0x0 ./uart.o
 .bss           0x00000000008000c6        0x0 /usr/lib/gcc/avr/5.4.0/avr5/libgcc.a(_udivmodsi4.o)
 .bss           0x00000000008000c6        0x0 /usr/lib/gcc/avr/5.4.0/avr5/libgcc.a(_exit.o)
 .bss           0x00000000008000c6        0x0 /usr/lib/gcc/avr/5.4.0/avr5/libgcc.a(_copy_data.o)
 .bss           0x00000000008000c6        0x0 /usr/lib/gcc/avr/5.4.0/avr5/libgcc.a(_clear_bss.o)
 .bss           0x00000000008000c6        0x0 /usr/lib/gcc/avr/5.4.0/../../../avr/lib/avr5/libm.a(addsf3.o)
 .bss           0x00000000008000c6        0x0 /usr/lib/gcc/avr/5.4.0/../../../avr/lib/avr5/libm.a(addsf3x.o)
 .bss           0x00000000008000c6        0x0 /usr/lib/gcc/avr/5.4.0/../../../avr/lib/avr5/libm.a(cmpsf2.o)
 .bss           0x00000000008000c6        0x0 /usr/lib/gcc/avr/5.4.0/../../../avr/lib/avr5/libm.a(divsf3.o)
 .bss           0x00000000008000c6        0x0 /usr/lib/gcc/avr/5.4.0/../../../avr/lib/avr5/libm.a(divsf3x.o)
 .bss           0x00000000008000c6        0x0 /usr/lib/gcc/avr/5.4.0/../../../avr/lib/avr5/libm.a(fixunssfsi.o)
 .bss           0x00000000008000c6        0x0 /usr/lib/gcc/avr/5.4.0/../../../avr/lib/avr5/libm.a(floatsisf.o)
 .bss           0x00000000008000c6        0x0 /usr/lib/gcc/avr/5.4.0/../../../avr/lib/avr5/libm.a(fp_cmp.o)
 .bss           0x00000000008000c6        0x0 /usr/lib/gcc/avr/5.4.0/../../../avr/lib/avr5/libm.a(fp_inf.o)
 .bss           0x00000000008000c6        0x0 /usr/lib/gcc/avr/5.4.0/../../../avr/lib/avr5/libm.a(fp_nan.o)
 .bss           0x00000000008000c6        0x0 /usr/lib/gcc/avr/5.4.0/../../../avr/lib/avr5/libm.a(fp_pscA.o)
 .bss           0x00000000008000c6        0x0 /usr/lib/gcc/avr/5.4.0/../../../avr/lib/avr5/libm.a(fp_pscB.o)
 .bss           0x00000000008000c6        0x0 /usr/lib/gcc/avr/5.4.0/../../../avr/lib/avr5/libm.a(fp_round.o)
 .bss           0x00000000008000c6        0x0 /usr/lib/gcc/avr/5.4.0/../../../avr/lib/avr5/libm.a(fp_split3.o)
 .bss           0x00000000008000c6        0x0 /usr/lib/gcc/avr/5.4.0/../../../avr/lib/avr5/libm.a(fp_zero.o)
 .bss           0x00000000008000c6        0x0 /usr/lib/gcc/avr/5.4.0/../../../avr/lib/avr5/libm.a(gesf2.o)
 .bss           0x00000000008000c6        0x0 /usr/lib/gcc/avr/5.4.0/../../../avr/lib/avr5/libm.a(mulsf3.o)
 .bss           0x00000000008000c6        0x0 /usr/lib/gcc/avr/5.4.0/../../../avr/lib/avr5/libm.a(mulsf3x.o)
 .bss           0x00000000008000c6        0x0 /usr/lib/gcc/avr/5.4.0/../../../avr/lib/avr5/libm.a(pow.o)
 .bss           0x00000000008000c6        0x0 /usr/lib/gcc/avr/5.4.0/../../../avr/lib/avr5/libm.a(exp.o)
 .bss           0x00000000008000c6        0x0 /usr/lib/gcc/avr/5.4.0/../../../avr/lib/avr5/libm.a(fp_powser.o)
 .bss           0x00000000008000c6        0x0 /usr/lib/gcc/avr/5.4.0/../../../avr/lib/avr5/libm.a(inverse.o)
 .bss           0x00000000008000c6        0x0 /usr/lib/gcc/avr/5.4.0/../../../avr/lib/avr5/libm.a(ldexp.o)
 .bss           0x00000000008000c6        0x0 /usr/lib/gcc/avr/5.4.0/../../../avr/lib/avr5/libm.a(log.o)
 .bss           0x00000000008000c6        0x0 /usr/lib/gcc/avr/5.4.0/../../../avr/lib/avr5/libm.a(modf.o)
 .bss           0x00000000008000c6        0x0 /usr/lib/gcc/avr/5.4.0/../../../avr/lib/avr5/libm.a(fp_mpack.o)
 .bss           0x00000000008000c6        0x0 /usr/lib/gcc/avr/5.4.0/../../../avr/lib/avr5/libc.a(strcmp.o)
 *(.bss*)
 .bss.check_password_stored
                0x00000000008000c6       0x14 ./CONTROL_ECU.o
                0x00000000008000c6                check_password_stored
 .bss.enter_password_stored
                0x00000000008000da       0x14 ./CONTROL_ECU.o
                0x00000000008000da                enter_password_stored
 .bss.password_stored_flag
                0x00000000008000ee        0x1 ./CONTROL_ECU.o
                0x00000000008000ee                password_stored_flag
 .bss.set_password_now_flag
                0x00000000008000ef        0x1 ./CONTROL_ECU.o
                0x00000000008000ef                set_password_now_flag
 .bss.force_set
                0x00000000008000f0        0x1 ./CONTROL_ECU.o
                0x00000000008000f0                force_set
 .bss.i         0x00000000008000f1        0x1 ./CONTROL_ECU.o
                0x00000000008000f1                i
 .bss.buzzer_flag
                0x00000000008000f2        0x1 ./CONTROL_ECU.o
                0x00000000008000f2                buzzer_flag
 .bss.count.1951
                0x00000000008000f3        0x1 ./CONTROL_ECU.o
 .bss.count.1958
                0x00000000008000f4        0x1 ./CONTROL_ECU.o
 .bss.g_callBackPtr
                0x00000000008000f5        0x2 ./timer.o
 .bss.configPtr
                0x00000000008000f7        0x2 ./timer.o
 *(COMMON)
 COMMON         0x00000000008000f9       0x15 ./CONTROL_ECU.o
                0x00000000008000f9                password_stored
                0x000000000080010d                data_temp
 COMMON         0x000000000080010e        0x6 ./external_eeprom.o
                0x000000000080010e                TWI_config
                0x0000000000800114                PROVIDE (__bss_end, .)
                0x0000000000002842                __data_load_start = LOADADDR (.data)
                0x00000000000028a8                __data_load_end = (__data_load_start + SIZEOF (.data))

.noinit         0x0000000000800114        0x0
                [!provide]                        PROVIDE (__noinit_start, .)
 *(.noinit*)
                [!provide]                        PROVIDE (__noinit_end, .)
                0x0000000000800114                _end = .
                [!provide]                        PROVIDE (__heap_start, .)

.eeprom         0x0000000000810000        0x0
 *(.eeprom*)
                0x0000000000810000                __eeprom_end = .

.fuse
 *(.fuse)
 *(.lfuse)
 *(.hfuse)
 *(.efuse)

.lock
 *(.lock*)

.signature
 *(.signature*)

.user_signatures
 *(.user_signatures*)

.stab           0x0000000000000000     0x2ed4
 *(.stab)
 .stab          0x0000000000000000      0xf24 ./CONTROL_ECU.o
 .stab          0x0000000000000f24      0x780 ./external_eeprom.o
                                        0x9e4 (size before relaxing)
 .stab          0x00000000000016a4      0x4f8 ./i2c.o
                                        0x774 (size before relaxing)
 .stab          0x0000000000001b9c      0xcd8 ./timer.o
                                        0xf60 (size before relaxing)
 .stab          0x0000000000002874      0x660 ./uart.o
                                        0x8e8 (size before relaxing)

.stabstr        0x0000000000000000     0x1530
 *(.stabstr)
 .stabstr       0x0000000000000000     0x1530 ./CONTROL_ECU.o

.stab.excl
 *(.stab.excl)

.stab.exclstr
 *(.stab.exclstr)

.stab.index
 *(.stab.index)

.stab.indexstr
 *(.stab.indexstr)

.comment        0x0000000000000000       0x11
 *(.comment)
 .comment       0x0000000000000000       0x11 ./CONTROL_ECU.o
                                         0x12 (size before relaxing)
 .comment       0x0000000000000011       0x12 ./external_eeprom.o
 .comment       0x0000000000000011       0x12 ./i2c.o
 .comment       0x0000000000000011       0x12 ./timer.o
 .comment       0x0000000000000011       0x12 ./uart.o

.note.gnu.avr.deviceinfo
                0x0000000000000000       0x3c
 .note.gnu.avr.deviceinfo
                0x0000000000000000       0x3c /usr/lib/gcc/avr/5.4.0/../../../avr/lib/avr5/crtatmega16.o

.note.gnu.build-id
 *(.note.gnu.build-id)

.debug
 *(.debug)

.line
 *(.line)

.debug_srcinfo
 *(.debug_srcinfo)

.debug_sfnames
 *(.debug_sfnames)

.debug_aranges
 *(.debug_aranges)

.debug_pubnames
 *(.debug_pubnames)

.debug_info     0x0000000000000000      0x52e
 *(.debug_info .gnu.linkonce.wi.*)
 .debug_info    0x0000000000000000      0x52e /usr/lib/gcc/avr/5.4.0/../../../avr/lib/avr5/crtatmega16.o

.debug_abbrev   0x0000000000000000      0x4e7
 *(.debug_abbrev)
 .debug_abbrev  0x0000000000000000      0x4e7 /usr/lib/gcc/avr/5.4.0/../../../avr/lib/avr5/crtatmega16.o

.debug_line     0x0000000000000000       0x1a
 *(.debug_line .debug_line.* .debug_line_end)
 .debug_line    0x0000000000000000       0x1a /usr/lib/gcc/avr/5.4.0/../../../avr/lib/avr5/crtatmega16.o

.debug_frame
 *(.debug_frame)

.debug_str      0x0000000000000000      0x1af
 *(.debug_str)
 .debug_str     0x0000000000000000      0x1af /usr/lib/gcc/avr/5.4.0/../../../avr/lib/avr5/crtatmega16.o

.debug_loc
 *(.debug_loc)

.debug_macinfo
 *(.debug_macinfo)

.debug_weaknames
 *(.debug_weaknames)

.debug_funcnames
 *(.debug_funcnames)

.debug_typenames
 *(.debug_typenames)

.debug_varnames
 *(.debug_varnames)

.debug_pubtypes
 *(.debug_pubtypes)

.debug_ranges
 *(.debug_ranges)

.debug_macro
 *(.debug_macro)
OUTPUT(CONTROL_ECU.elf elf32-avr)
LOAD linker stubs
